-655028015
584556596
-895177291
-88225141
-45240243
943908204
-317702105
-449386413
-844746718
-319929919
-848749161
671366890
-946489062
945087733
-96924818
132384146
578770804
206995772
-419178530
-446551651
127047205
423354100
-484016072
464411449
453158311
512560968
27200893
448918791
-210891500
417802541
-496578805
-512424500
95878650
-210052682
658540378
-619382379
662704645
680813925
-129948264
-456176571
653110988
-665327874
6147215
904684615
-30387453
-925002585
928282595
-981429781
-23253271
25907864
56184454
-613599496
253418906
-985624813
976333812
586995966
-892475452
767675580
-182504701
