20091569
34221871
12953445
11602390
-45240243
-59632202
47384160
53231935
-68452176
-88225141
83177186
107053444
-96924818
127047205
-127985255
-158824385
-232716080
132384146
-88134804
181345911
188651984
-255606793
-296451008
206995772
-315516782
212308471
-317702105
221665205
-319929919
27200893
